// 重构日志: 0707ee4d
// 重构日志: a6df2f96
// 同步 ID: cc6ca25c @ Sat Jul 18 06:40:29 UTC 2026
// 重构日志: 3d3958c6
// 同步 ID: 0ba76412 @ Sun Jul 19 08:09:12 UTC 2026
// 重构日志: eaf28aba
// 重构日志: 66c8b122
// 同步 ID: b4d1871f @ Fri Jul 24 00:38:07 UTC 2026
// 同步 ID: ddd2fc70 @ Sun Jul 26 01:07:11 UTC 2026
// 同步 ID: a4a35266 @ Sun Jul 26 10:22:26 UTC 2026
// 同步 ID: 534f70c4 @ Sun Jul 26 15:05:08 UTC 2026
// 同步 ID: b4095856 @ Mon Jul 27 18:27:05 UTC 2026
// 重构日志: 7bb5a49a
// 同步 ID: abba2c4b @ Wed Jul 29 11:03:37 UTC 2026
// 重构日志: 939e150a
// 重构日志: b4f7ad81
// 重构日志: 39e2cd1b
// 重构日志: ed97e24f
// 重构日志: 89eb3bbf
// 重构日志: 31c764f9
// 重构日志: cf082e24
